00:00 +0: loading /Users/jameslarson/Projects/book-dragon-client/test/tourney_flow_test.dart                                                                                                           00:01 +0: loading /Users/jameslarson/Projects/book-dragon-client/test/tourney_flow_test.dart                                                                                                           00:01 +0: /Users/jameslarson/Projects/book-dragon-client/test/tourney_flow_test.dart: (setUpAll)                                                                                                       00:01 +0: /Users/jameslarson/Projects/book-dragon-client/test/tourney_flow_test.dart: Tourney Flow Complete "Create Tourney" flow from empty hall                                                      00:01 +1: /Users/jameslarson/Projects/book-dragon-client/test/tourney_flow_test.dart: Tourney Flow Complete "Create Tourney" flow from empty hall                                                      00:01 +2: /Users/jameslarson/Projects/book-dragon-client/test/tourney_flow_test.dart: Tourney Flow Complete "Create Tourney" flow from empty hall                                                      00:01 +3: /Users/jameslarson/Projects/book-dragon-client/test/tourney_flow_test.dart: Tourney Flow Complete "Create Tourney" flow from empty hall                                                      00:01 +4: /Users/jameslarson/Projects/book-dragon-client/test/tourney_flow_test.dart: Tourney Flow Complete "Create Tourney" flow from empty hall                                                      00:01 +5: /Users/jameslarson/Projects/book-dragon-client/test/tourney_flow_test.dart: Tourney Flow Complete "Create Tourney" flow from empty hall                                                      00:01 +6: /Users/jameslarson/Projects/book-dragon-client/test/tourney_flow_test.dart: Tourney Flow Complete "Create Tourney" flow from empty hall                                                      00:01 +7: /Users/jameslarson/Projects/book-dragon-client/test/tourney_flow_test.dart: Tourney Flow Complete "Create Tourney" flow from empty hall                                                      00:01 +8: /Users/jameslarson/Projects/book-dragon-client/test/tourney_flow_test.dart: Tourney Flow Complete "Create Tourney" flow from empty hall                                                      00:01 +9: /Users/jameslarson/Projects/book-dragon-client/test/tourney_flow_test.dart: Tourney Flow Complete "Create Tourney" flow from empty hall                                                      00:01 +10: /Users/jameslarson/Projects/book-dragon-client/test/tourney_flow_test.dart: Tourney Flow Complete "Create Tourney" flow from empty hall                                                     00:01 +11: /Users/jameslarson/Projects/book-dragon-client/test/tourney_flow_test.dart: Tourney Flow Complete "Create Tourney" flow from empty hall                                                     00:01 +12: /Users/jameslarson/Projects/book-dragon-client/test/tourney_flow_test.dart: Tourney Flow Complete "Create Tourney" flow from empty hall                                                     00:01 +13: /Users/jameslarson/Projects/book-dragon-client/test/tourney_flow_test.dart: Tourney Flow Complete "Create Tourney" flow from empty hall                                                     00:01 +14: /Users/jameslarson/Projects/book-dragon-client/test/tourney_flow_test.dart: Tourney Flow Complete "Create Tourney" flow from empty hall                                                     00:01 +15: /Users/jameslarson/Projects/book-dragon-client/test/tourney_flow_test.dart: Tourney Flow Complete "Create Tourney" flow from empty hall                                                     00:01 +16: /Users/jameslarson/Projects/book-dragon-client/test/tourney_flow_test.dart: Tourney Flow Complete "Create Tourney" flow from empty hall                                                     00:01 +17: /Users/jameslarson/Projects/book-dragon-client/test/tourney_flow_test.dart: Tourney Flow Complete "Create Tourney" flow from empty hall                                                     00:01 +18: /Users/jameslarson/Projects/book-dragon-client/test/tourney_flow_test.dart: Tourney Flow Complete "Create Tourney" flow from empty hall                                                     00:01 +19: /Users/jameslarson/Projects/book-dragon-client/test/tourney_flow_test.dart: Tourney Flow Complete "Create Tourney" flow from empty hall                                                     00:01 +20: /Users/jameslarson/Projects/book-dragon-client/test/tourney_flow_test.dart: Tourney Flow Complete "Create Tourney" flow from empty hall                                                     00:01 +21: /Users/jameslarson/Projects/book-dragon-client/test/tourney_flow_test.dart: Tourney Flow Complete "Create Tourney" flow from empty hall                                                     00:01 +22: /Users/jameslarson/Projects/book-dragon-client/test/tourney_flow_test.dart: Tourney Flow Complete "Create Tourney" flow from empty hall                                                     00:01 +23: /Users/jameslarson/Projects/book-dragon-client/test/tourney_flow_test.dart: Tourney Flow Complete "Create Tourney" flow from empty hall                                                     00:01 +24: /Users/jameslarson/Projects/book-dragon-client/test/tourney_flow_test.dart: Tourney Flow Complete "Create Tourney" flow from empty hall                                                     00:01 +24 -1: /Users/jameslarson/Projects/book-dragon-client/test/tourney_bloc_test.dart: TourneyBloc createChallenge success populates activeTourney [E]                                              
  Bad state: A test tried to use `any` or `captureAny` on a parameter of type `CreateTourneyRequest`, but
  registerFallbackValue was not previously called to register a fallback value for `CreateTourneyRequest`.
  
  To fix, do:
  
  ```
  void main() {
    setUpAll(() {
      registerFallbackValue(/* create a dummy instance of `CreateTourneyRequest` */);
    });
  }
  ```
  
  This instance of `CreateTourneyRequest` will only be passed around, but never be interacted with.
  Therefore, if `CreateTourneyRequest` is a function, it does not have to return a valid object and
  could throw unconditionally.
  If you cannot easily create an instance of `CreateTourneyRequest`, consider defining a `Fake`:
  
  ```
  class MyTypeFake extends Fake implements MyType {}
  
  void main() {
    setUpAll(() {
      registerFallbackValue(MyTypeFake());
    });
  }
  ```
  
  Fallbacks are required because mocktail has to know of a valid `CreateTourneyRequest` to prevent
  TypeErrors from being thrown in Dart's sound null safe mode, while still
  providing a convenient syntax.
  
  package:mocktail/src/_register_matcher.dart 49:5    _getFallbackValue
  package:mocktail/src/_register_matcher.dart 160:25  _registerMatcher
  package:mocktail/src/_register_matcher.dart 104:10  any
  test/tourney_bloc_test.dart 331:47                  main.<fn>.<fn>.<fn>
  package:mocktail/src/mocktail.dart 211:9            when.<fn>
  test/tourney_bloc_test.dart 331:11                  main.<fn>.<fn>
  

To run this test again: /Users/jameslarson/Projects/flutter/bin/cache/dart-sdk/bin/dart test /Users/jameslarson/Projects/book-dragon-client/test/tourney_bloc_test.dart -p vm --plain-name 'TourneyBloc createChallenge success populates activeTourney'
00:01 +25 -1: /Users/jameslarson/Projects/book-dragon-client/test/tourney_flow_test.dart: Tourney Flow Complete "Create Tourney" flow from empty hall                                                  00:01 +26 -1: /Users/jameslarson/Projects/book-dragon-client/test/tourney_flow_test.dart: Tourney Flow Complete "Create Tourney" flow from empty hall                                                  00:01 +27 -1: /Users/jameslarson/Projects/book-dragon-client/test/tourney_flow_test.dart: Tourney Flow Complete "Create Tourney" flow from empty hall                                                  00:01 +28 -1: /Users/jameslarson/Projects/book-dragon-client/test/tourney_flow_test.dart: Tourney Flow Complete "Create Tourney" flow from empty hall                                                  00:02 +28 -1: /Users/jameslarson/Projects/book-dragon-client/test/tourney_flow_test.dart: Tourney Flow Complete "Create Tourney" flow from empty hall                                                  00:02 +29 -1: /Users/jameslarson/Projects/book-dragon-client/test/tourney_flow_test.dart: Tourney Flow Complete "Create Tourney" flow from empty hall                                                  00:02 +30 -1: /Users/jameslarson/Projects/book-dragon-client/test/tourney_flow_test.dart: Tourney Flow Complete "Create Tourney" flow from empty hall                                                  00:02 +31 -1: /Users/jameslarson/Projects/book-dragon-client/test/tourney_flow_test.dart: Tourney Flow Complete "Create Tourney" flow from empty hall                                                  00:02 +32 -1: /Users/jameslarson/Projects/book-dragon-client/test/tourney_flow_test.dart: Tourney Flow Complete "Create Tourney" flow from empty hall                                                  00:02 +33 -1: /Users/jameslarson/Projects/book-dragon-client/test/tourney_flow_test.dart: Tourney Flow Complete "Create Tourney" flow from empty hall                                                  00:02 +34 -1: /Users/jameslarson/Projects/book-dragon-client/test/tourney_flow_test.dart: Tourney Flow Complete "Create Tourney" flow from empty hall                                                  00:02 +35 -1: /Users/jameslarson/Projects/book-dragon-client/test/tourney_flow_test.dart: Tourney Flow Complete "Create Tourney" flow from empty hall                                                  00:02 +36 -1: /Users/jameslarson/Projects/book-dragon-client/test/tourney_flow_test.dart: Tourney Flow Complete "Create Tourney" flow from empty hall                                                  00:02 +37 -1: /Users/jameslarson/Projects/book-dragon-client/test/tourney_flow_test.dart: Tourney Flow Complete "Create Tourney" flow from empty hall                                                  00:02 +38 -1: /Users/jameslarson/Projects/book-dragon-client/test/tourney_flow_test.dart: Tourney Flow Complete "Create Tourney" flow from empty hall                                                  00:02 +39 -1: /Users/jameslarson/Projects/book-dragon-client/test/tourney_flow_test.dart: Tourney Flow Complete "Create Tourney" flow from empty hall                                                  00:02 +40 -1: /Users/jameslarson/Projects/book-dragon-client/test/tourney_screen_test.dart: JoinOrCreateDialog rendering Join tab has invite code text field                                           00:02 +41 -1: /Users/jameslarson/Projects/book-dragon-client/test/tourney_navigation_test.dart: MainNavigationScreen — IndexedStack navigation tapping Tourney tab switches to index 2                 00:02 +42 -1: /Users/jameslarson/Projects/book-dragon-client/test/tourney_flow_test.dart: Tourney Flow Complete "Join Tourney" flow from empty hall                                                    00:02 +43 -1: /Users/jameslarson/Projects/book-dragon-client/test/tourney_flow_test.dart: Tourney Flow Complete "Join Tourney" flow from empty hall                                                    00:02 +44 -1: /Users/jameslarson/Projects/book-dragon-client/test/tourney_screen_test.dart: JoinOrCreateDialog rendering Create tab has name field and dropdowns                                       00:02 +45 -1: /Users/jameslarson/Projects/book-dragon-client/test/tourney_navigation_test.dart: MainNavigationScreen — IndexedStack navigation icons match spec — clock, home, swords                  00:02 +46 -1: /Users/jameslarson/Projects/book-dragon-client/test/tourney_screen_test.dart: JoinOrCreateDialog rendering Start Challenge button is disabled when form empty                            00:02 +47 -1: /Users/jameslarson/Projects/book-dragon-client/test/tourney_navigation_test.dart: MainNavigationScreen — IndexedStack navigation switching tabs preserves IndexedStack structure         00:02 +48 -1: /Users/jameslarson/Projects/book-dragon-client/test/tourney_navigation_test.dart: MainNavigationScreen — IndexedStack navigation switching tabs preserves IndexedStack structure         00:02 +49 -1: /Users/jameslarson/Projects/book-dragon-client/test/tourney_navigation_test.dart: MainNavigationScreen — IndexedStack navigation switching tabs preserves IndexedStack structure         00:02 +49 -1: /Users/jameslarson/Projects/book-dragon-client/test/tourney_navigation_test.dart: (tearDownAll)                                                                                          00:02 +49 -1: Some tests failed.                                                                                                                                                                       
